Copyright 1986-2022 Xilinx, Inc. All Rights Reserved. Copyright 2022-2025 Advanced Micro Devices, Inc. All Rights Reserved.
---------------------------------------------------------------------------------------------------------------------------------------------
| Tool Version : Vivado v.2025.1 (win64) Build 6140274 Thu May 22 00:12:29 MDT 2025
| Date         : Mon Dec  1 15:34:24 2025
| Host         : Raul running 64-bit major release  (build 9200)
| Command      : report_control_sets -verbose -file MIPS_16_Top_control_sets_placed.rpt
| Design       : MIPS_16_Top
| Device       : xc7a35t
---------------------------------------------------------------------------------------------------------------------------------------------

Control Set Information

Table of Contents
-----------------
1. Summary
2. Histogram
3. Flip-Flop Distribution
4. Detailed Control Set Information

1. Summary
----------

+----------------------------------------------------------+-------+
|                          Status                          | Count |
+----------------------------------------------------------+-------+
| Total control sets                                       |     5 |
|    Minimum number of control sets                        |     5 |
|    Addition due to synthesis replication                 |     0 |
|    Addition due to physical synthesis replication        |     0 |
| Unused register locations in slices containing registers |     6 |
+----------------------------------------------------------+-------+
* Control sets can be merged at opt_design using control_set_merge or merge_equivalent_drivers
** Run report_qor_suggestions for automated merging and remapping suggestions


2. Histogram
------------

+--------------------+-------+
|       Fanout       | Count |
+--------------------+-------+
| Total control sets |     5 |
| >= 0 to < 4        |     0 |
| >= 4 to < 6        |     0 |
| >= 6 to < 8        |     0 |
| >= 8 to < 10       |     0 |
| >= 10 to < 12      |     0 |
| >= 12 to < 14      |     0 |
| >= 14 to < 16      |     0 |
| >= 16              |     5 |
+--------------------+-------+
* Control sets can be remapped at either synth_design or opt_design


3. Flip-Flop Distribution
-------------------------

+--------------+-----------------------+------------------------+-----------------+--------------+
| Clock Enable | Synchronous Set/Reset | Asynchronous Set/Reset | Total Registers | Total Slices |
+--------------+-----------------------+------------------------+-----------------+--------------+
| No           | No                    | No                     |              26 |            8 |
| No           | No                    | Yes                    |              24 |           11 |
| No           | Yes                   | No                     |               0 |            0 |
| Yes          | No                    | No                     |               0 |            0 |
| Yes          | No                    | Yes                    |               0 |            0 |
| Yes          | Yes                   | No                     |              24 |            6 |
+--------------+-----------------------+------------------------+-----------------+--------------+


4. Detailed Control Set Information
-----------------------------------

+------------------------------+-------------------------------------+-------------------------+------------------+----------------+--------------+
|         Clock Signal         |            Enable Signal            |     Set/Reset Signal    | Slice Load Count | Bel Load Count | Bels / Slice |
+------------------------------+-------------------------------------+-------------------------+------------------+----------------+--------------+
| ~Debouncer_Unit/cpu_clk_BUFG |                                     | btnR_IBUF               |               11 |             24 |         2.18 |
|  clk_IBUF_BUFG               | Debouncer_Unit/pulse_cnt[0]_i_1_n_0 | Debouncer_Unit/btn_edge |                6 |             24 |         4.00 |
|  clk_IBUF_BUFG               |                                     |                         |                8 |             26 |         3.25 |
|  Debouncer_Unit/cpu_clk_BUFG | IF_Unit/MemWrite                    |                         |                8 |             32 |         4.00 |
|  Debouncer_Unit/cpu_clk_BUFG | IF_Unit/RegWrite                    |                         |                6 |             48 |         8.00 |
+------------------------------+-------------------------------------+-------------------------+------------------+----------------+--------------+


